// Jest Snapshot v1, https://goo.gl/fbAQLP

exports[`Should render Edit page 1`] = `
<div>
  <div
    className="page-header"
  >
    <div
      className="container"
    >
      <h2
        className="page-header__title"
      >
        Edit Expense
      </h2>
    </div>
  </div>
  <ExpenseForm
    amount={109500}
    createdAt={-345600000}
    description="Rent"
    id="2"
    note=""
    onSubmit={[Function]}
  />
  <div
    className="container"
  >
    <button
      className="btn btn--remove"
      onClick={[Function]}
    >
      Remove Expense
    </button>
  </div>
</div>
`;
