// Jest Snapshot v1, https://goo.gl/fbAQLP

exports[`Should render Header 1`] = `
<div>
  <h1>
    Expensify
  </h1>
  <NavLink
    activeClassName="is-active"
    ariaCurrent="true"
    to="/dashboard"
  >
    Home
  </NavLink>
  <NavLink
    activeClassName="is-active"
    ariaCurrent="true"
    to="/create"
  >
    Create
  </NavLink>
  <button
    onClick={[Function]}
  >
    Log out
  </button>
</div>
`;
